[0.021s] Invoking command in '/home/sofia/Documents/E-Rocket-All-Stuff/E-Rocket-flight-software/workspace_erocket/src/erocket/build/erocket': CMAKE_PREFIX_PATH=/opt/ros/jazzy DEBUGINFOD_URLS=https://debuginfod.ubuntu.com /usr/bin/cmake /home/sofia/Documents/E-Rocket-All-Stuff/E-Rocket-flight-software/workspace_erocket/src/erocket -DCMAKE_INSTALL_PREFIX=/home/sofia/Documents/E-Rocket-All-Stuff/E-Rocket-flight-software/workspace_erocket/src/erocket/install/erocket
[0.176s] -- The C compiler identification is GNU 13.3.0
[0.322s] -- The CXX compiler identification is GNU 13.3.0
[0.367s] -- Detecting C compiler ABI info
[0.590s] -- Detecting C compiler ABI info - done
[0.613s] -- Check for working C compiler: /usr/bin/cc - skipped
[0.616s] -- Detecting C compile features
[0.617s] -- Detecting C compile features - done
[0.640s] -- Detecting CXX compiler ABI info
[0.881s] -- Detecting CXX compiler ABI info - done
[0.905s] -- Check for working CXX compiler: /usr/bin/c++ - skipped
[0.906s] -- Detecting CXX compile features
[0.907s] -- Detecting CXX compile features - done
[0.915s] -- Found ament_cmake: 2.5.6 (/opt/ros/jazzy/share/ament_cmake/cmake)
[1.266s] -- Found Python3: /usr/bin/python3 (found version "3.12.3") found components: Interpreter 
[1.521s] -- Found rosidl_default_generators: 1.6.1 (/opt/ros/jazzy/share/rosidl_default_generators/cmake)
[1.533s] -- Using all available rosidl_typesupport_c: rosidl_typesupport_fastrtps_c;rosidl_typesupport_introspection_c
[1.662s] -- Using all available rosidl_typesupport_cpp: rosidl_typesupport_fastrtps_cpp;rosidl_typesupport_introspection_cpp
[1.779s] -- Found rosidl_adapter: 4.6.9 (/opt/ros/jazzy/share/rosidl_adapter/cmake)
[1.788s] -- Found builtin_interfaces: 2.0.4 (/opt/ros/jazzy/share/builtin_interfaces/cmake)
[1.830s] -- Found eigen3_cmake_module: 0.3.1 (/opt/ros/jazzy/share/eigen3_cmake_module/cmake)
[1.851s] -- Found Eigen3: TRUE (found version "3.4.0") 
[1.854s] -- Found geometry_msgs: 5.3.8 (/opt/ros/jazzy/share/geometry_msgs/cmake)
[1.976s] [31mCMake Error at CMakeLists.txt:25 (find_package):
[1.977s]   By not providing "Findpx4_msgs.cmake" in CMAKE_MODULE_PATH this project has
[1.977s]   asked CMake to find a package configuration file provided by "px4_msgs",
[1.977s]   but CMake did not find one.
[1.977s] 
[1.977s]   Could not find a package configuration file provided by "px4_msgs" with any
[1.978s]   of the following names:
[1.978s] 
[1.978s]     px4_msgsConfig.cmake
[1.978s]     px4_msgs-config.cmake
[1.978s] 
[1.979s]   Add the installation prefix of "px4_msgs" to CMAKE_PREFIX_PATH or set
[1.979s]   "px4_msgs_DIR" to a directory containing one of the above files.  If
[1.979s]   "px4_msgs" provides a separate development package or SDK, be sure it has
[1.979s]   been installed.
[1.979s] 
[1.979s] [0m
[1.979s] -- Configuring incomplete, errors occurred!
[1.993s] Invoked command in '/home/sofia/Documents/E-Rocket-All-Stuff/E-Rocket-flight-software/workspace_erocket/src/erocket/build/erocket' returned '1': CMAKE_PREFIX_PATH=/opt/ros/jazzy DEBUGINFOD_URLS=https://debuginfod.ubuntu.com /usr/bin/cmake /home/sofia/Documents/E-Rocket-All-Stuff/E-Rocket-flight-software/workspace_erocket/src/erocket -DCMAKE_INSTALL_PREFIX=/home/sofia/Documents/E-Rocket-All-Stuff/E-Rocket-flight-software/workspace_erocket/src/erocket/install/erocket
