[0.118s] DEBUG:colcon:Command line arguments: ['/usr/bin/colcon', 'build']
[0.118s] DEBUG:colcon:Parsed command line arguments: Namespace(log_base=None, log_level=None, verb_name='build', build_base='build', install_base='install', merge_install=False, symlink_install=False, test_result_base=None, continue_on_error=False, executor='parallel', parallel_workers=16, event_handlers=None, ignore_user_meta=False, metas=['./colcon.meta'], base_paths=['.'], packages_ignore=None, packages_ignore_regex=None, paths=None, packages_up_to=None, packages_up_to_regex=None, packages_above=None, packages_above_and_dependencies=None, packages_above_depth=None, packages_select_by_dep=None, packages_skip_by_dep=None, packages_skip_up_to=None, packages_select_build_failed=False, packages_skip_build_finished=False, packages_select_test_failures=False, packages_skip_test_passed=False, packages_select=None, packages_skip=None, packages_select_regex=None, packages_skip_regex=None, packages_start=None, packages_end=None, allow_overriding=[], cmake_args=None, cmake_target=None, cmake_target_skip_unavailable=False, cmake_clean_cache=False, cmake_clean_first=False, cmake_force_configure=False, ament_cmake_args=None, catkin_cmake_args=None, catkin_skip_building_tests=False, mixin_files=None, mixin=None, verb_parser=<colcon_mixin.mixin.mixin_argument.MixinArgumentDecorator object at 0x7a3077b6f8f0>, verb_extension=<colcon_core.verb.build.BuildVerb object at 0x7a3077ce5040>, main=<bound method BuildVerb.main of <colcon_core.verb.build.BuildVerb object at 0x7a3077ce5040>>, mixin_verb=('build',))
[0.159s] Level 1:colcon.colcon_core.package_discovery:discover_packages(colcon_meta) check parameters
[0.160s] Level 1:colcon.colcon_core.package_discovery:discover_packages(recursive) check parameters
[0.160s] Level 1:colcon.colcon_core.package_discovery:discover_packages(ignore) check parameters
[0.160s] Level 1:colcon.colcon_core.package_discovery:discover_packages(path) check parameters
[0.160s] Level 1:colcon.colcon_core.package_discovery:discover_packages(colcon_meta) discover
[0.160s] Level 1:colcon.colcon_core.package_discovery:discover_packages(recursive) discover
[0.160s] INFO:colcon.colcon_core.package_discovery:Crawling recursively for packages in '/home/sofia/Documents/E-Rocket-All-Stuff/E-Rocket-flight-software/workspace_simulink'
[0.160s] Level 1:colcon.colcon_core.package_identification:_identify(.) by extensions ['ignore', 'ignore_ament_install']
[0.160s] Level 1:colcon.colcon_core.package_identification:_identify(.) by extension 'ignore'
[0.160s] Level 1:colcon.colcon_core.package_identification:_identify(.) by extension 'ignore_ament_install'
[0.160s] Level 1:colcon.colcon_core.package_identification:_identify(.) by extensions ['colcon_pkg']
[0.160s] Level 1:colcon.colcon_core.package_identification:_identify(.) by extension 'colcon_pkg'
[0.160s] Level 1:colcon.colcon_core.package_identification:_identify(.) by extensions ['colcon_meta']
[0.160s] Level 1:colcon.colcon_core.package_identification:_identify(.) by extension 'colcon_meta'
[0.160s] Level 1:colcon.colcon_core.package_identification:_identify(.) by extensions ['ros']
[0.160s] Level 1:colcon.colcon_core.package_identification:_identify(.) by extension 'ros'
[0.188s] Level 1:colcon.colcon_core.package_identification:_identify(.) by extensions ['cmake', 'python']
[0.188s] Level 1:colcon.colcon_core.package_identification:_identify(.) by extension 'cmake'
[0.188s] Level 1:colcon.colcon_core.package_identification:_identify(.) by extension 'python'
[0.188s] Level 1:colcon.colcon_core.package_identification:_identify(.) by extensions ['python_setup_py']
[0.188s] Level 1:colcon.colcon_core.package_identification:_identify(.) by extension 'python_setup_py'
[0.188s] Level 1:colcon.colcon_core.package_identification:_identify(build) by extensions ['ignore', 'ignore_ament_install']
[0.188s] Level 1:colcon.colcon_core.package_identification:_identify(build) by extension 'ignore'
[0.188s] Level 1:colcon.colcon_core.package_identification:_identify(build) ignored
[0.188s] Level 1:colcon.colcon_core.package_identification:_identify(install) by extensions ['ignore', 'ignore_ament_install']
[0.188s] Level 1:colcon.colcon_core.package_identification:_identify(install) by extension 'ignore'
[0.188s] Level 1:colcon.colcon_core.package_identification:_identify(install) ignored
[0.188s] Level 1:colcon.colcon_core.package_identification:_identify(log) by extensions ['ignore', 'ignore_ament_install']
[0.189s] Level 1:colcon.colcon_core.package_identification:_identify(log) by extension 'ignore'
[0.189s] Level 1:colcon.colcon_core.package_identification:_identify(log) ignored
[0.189s] Level 1:colcon.colcon_core.package_identification:_identify(src) by extensions ['ignore', 'ignore_ament_install']
[0.189s] Level 1:colcon.colcon_core.package_identification:_identify(src) by extension 'ignore'
[0.189s] Level 1:colcon.colcon_core.package_identification:_identify(src) by extension 'ignore_ament_install'
[0.189s] Level 1:colcon.colcon_core.package_identification:_identify(src) by extensions ['colcon_pkg']
[0.189s] Level 1:colcon.colcon_core.package_identification:_identify(src) by extension 'colcon_pkg'
[0.189s] Level 1:colcon.colcon_core.package_identification:_identify(src) by extensions ['colcon_meta']
[0.189s] Level 1:colcon.colcon_core.package_identification:_identify(src) by extension 'colcon_meta'
[0.189s] Level 1:colcon.colcon_core.package_identification:_identify(src) by extensions ['ros']
[0.189s] Level 1:colcon.colcon_core.package_identification:_identify(src) by extension 'ros'
[0.189s] Level 1:colcon.colcon_core.package_identification:_identify(src) by extensions ['cmake', 'python']
[0.189s] Level 1:colcon.colcon_core.package_identification:_identify(src) by extension 'cmake'
[0.189s] Level 1:colcon.colcon_core.package_identification:_identify(src) by extension 'python'
[0.189s] Level 1:colcon.colcon_core.package_identification:_identify(src) by extensions ['python_setup_py']
[0.189s] Level 1:colcon.colcon_core.package_identification:_identify(src) by extension 'python_setup_py'
[0.189s] Level 1:colcon.colcon_core.package_identification:_identify(src/sixdof_simulator) by extensions ['ignore', 'ignore_ament_install']
[0.189s] Level 1:colcon.colcon_core.package_identification:_identify(src/sixdof_simulator) by extension 'ignore'
[0.189s] Level 1:colcon.colcon_core.package_identification:_identify(src/sixdof_simulator) by extension 'ignore_ament_install'
[0.190s] Level 1:colcon.colcon_core.package_identification:_identify(src/sixdof_simulator) by extensions ['colcon_pkg']
[0.190s] Level 1:colcon.colcon_core.package_identification:_identify(src/sixdof_simulator) by extension 'colcon_pkg'
[0.190s] Level 1:colcon.colcon_core.package_identification:_identify(src/sixdof_simulator) by extensions ['colcon_meta']
[0.190s] Level 1:colcon.colcon_core.package_identification:_identify(src/sixdof_simulator) by extension 'colcon_meta'
[0.190s] Level 1:colcon.colcon_core.package_identification:_identify(src/sixdof_simulator) by extensions ['ros']
[0.190s] Level 1:colcon.colcon_core.package_identification:_identify(src/sixdof_simulator) by extension 'ros'
[0.192s] DEBUG:colcon.colcon_core.package_identification:Package 'src/sixdof_simulator' with type 'ros.ament_cmake' and name 'sixdof_simulator'
[0.193s] Level 1:colcon.colcon_core.package_discovery:discover_packages(recursive) using defaults
[0.193s] Level 1:colcon.colcon_core.package_discovery:discover_packages(ignore) discover
[0.193s] Level 1:colcon.colcon_core.package_discovery:discover_packages(ignore) using defaults
[0.193s] Level 1:colcon.colcon_core.package_discovery:discover_packages(path) discover
[0.193s] Level 1:colcon.colcon_core.package_discovery:discover_packages(path) using defaults
[0.212s] Level 1:colcon.colcon_core.package_discovery:discover_packages(prefix_path) check parameters
[0.212s] Level 1:colcon.colcon_core.package_discovery:discover_packages(prefix_path) discover
[0.214s] DEBUG:colcon.colcon_installed_package_information.package_discovery:Found 6 installed packages in /home/sofia/Documents/E-Rocket-All-Stuff/E-Rocket-flight-software/workspace_erocket/install
[0.215s] DEBUG:colcon.colcon_installed_package_information.package_discovery:Found 1 installed packages in /home/sofia/Documents/E-Rocket-All-Stuff/E-Rocket-flight-software/workspace_simulink/install
[0.216s] DEBUG:colcon.colcon_installed_package_information.package_discovery:Found 199 installed packages in /opt/ros/jazzy
[0.217s] Level 1:colcon.colcon_core.package_discovery:discover_packages(prefix_path) using defaults
[0.248s] Level 5:colcon.colcon_core.verb:set package 'sixdof_simulator' build argument 'cmake_args' from command line to 'None'
[0.248s] Level 5:colcon.colcon_core.verb:set package 'sixdof_simulator' build argument 'cmake_target' from command line to 'None'
[0.248s] Level 5:colcon.colcon_core.verb:set package 'sixdof_simulator' build argument 'cmake_target_skip_unavailable' from command line to 'False'
[0.248s] Level 5:colcon.colcon_core.verb:set package 'sixdof_simulator' build argument 'cmake_clean_cache' from command line to 'False'
[0.248s] Level 5:colcon.colcon_core.verb:set package 'sixdof_simulator' build argument 'cmake_clean_first' from command line to 'False'
[0.248s] Level 5:colcon.colcon_core.verb:set package 'sixdof_simulator' build argument 'cmake_force_configure' from command line to 'False'
[0.248s] Level 5:colcon.colcon_core.verb:set package 'sixdof_simulator' build argument 'ament_cmake_args' from command line to 'None'
[0.248s] Level 5:colcon.colcon_core.verb:set package 'sixdof_simulator' build argument 'catkin_cmake_args' from command line to 'None'
[0.248s] Level 5:colcon.colcon_core.verb:set package 'sixdof_simulator' build argument 'catkin_skip_building_tests' from command line to 'False'
[0.248s] DEBUG:colcon.colcon_core.verb:Building package 'sixdof_simulator' with the following arguments: {'ament_cmake_args': None, 'build_base': '/home/sofia/Documents/E-Rocket-All-Stuff/E-Rocket-flight-software/workspace_simulink/build/sixdof_simulator', 'catkin_cmake_args': None, 'catkin_skip_building_tests': False, 'cmake_args': None, 'cmake_clean_cache': False, 'cmake_clean_first': False, 'cmake_force_configure': False, 'cmake_target': None, 'cmake_target_skip_unavailable': False, 'install_base': '/home/sofia/Documents/E-Rocket-All-Stuff/E-Rocket-flight-software/workspace_simulink/install/sixdof_simulator', 'merge_install': False, 'path': '/home/sofia/Documents/E-Rocket-All-Stuff/E-Rocket-flight-software/workspace_simulink/src/sixdof_simulator', 'symlink_install': False, 'test_result_base': None}
[0.248s] INFO:colcon.colcon_core.executor:Executing jobs using 'parallel' executor
[0.249s] DEBUG:colcon.colcon_parallel_executor.executor.parallel:run_until_complete
[0.249s] INFO:colcon.colcon_ros.task.ament_cmake.build:Building ROS package in '/home/sofia/Documents/E-Rocket-All-Stuff/E-Rocket-flight-software/workspace_simulink/src/sixdof_simulator' with build type 'ament_cmake'
[0.249s] INFO:colcon.colcon_cmake.task.cmake.build:Building CMake package in '/home/sofia/Documents/E-Rocket-All-Stuff/E-Rocket-flight-software/workspace_simulink/src/sixdof_simulator'
[0.252s] INFO:colcon.colcon_core.plugin_system:Skipping extension 'colcon_core.shell.bat': Not used on non-Windows systems
[0.252s] INFO:colcon.colcon_core.shell:Skip shell extension 'powershell' for command environment: Not usable outside of PowerShell
[0.252s] DEBUG:colcon.colcon_core.shell:Skip shell extension 'dsv' for command environment
[0.263s] DEBUG:colcon.colcon_core.event_handler.log_command:Invoking command in '/home/sofia/Documents/E-Rocket-All-Stuff/E-Rocket-flight-software/workspace_simulink/build/sixdof_simulator': CMAKE_PREFIX_PATH=${CMAKE_PREFIX_PATH}:/opt/ros/jazzy DEBUGINFOD_URLS=https://debuginfod.ubuntu.com /usr/bin/cmake --build /home/sofia/Documents/E-Rocket-All-Stuff/E-Rocket-flight-software/workspace_simulink/build/sixdof_simulator -- -j16 -l16
[1.099s] DEBUG:colcon.colcon_core.event_handler.log_command:Invoked command in '/home/sofia/Documents/E-Rocket-All-Stuff/E-Rocket-flight-software/workspace_simulink/build/sixdof_simulator' returned '0': CMAKE_PREFIX_PATH=${CMAKE_PREFIX_PATH}:/opt/ros/jazzy DEBUGINFOD_URLS=https://debuginfod.ubuntu.com /usr/bin/cmake --build /home/sofia/Documents/E-Rocket-All-Stuff/E-Rocket-flight-software/workspace_simulink/build/sixdof_simulator -- -j16 -l16
[1.110s] DEBUG:colcon.colcon_core.event_handler.log_command:Invoking command in '/home/sofia/Documents/E-Rocket-All-Stuff/E-Rocket-flight-software/workspace_simulink/build/sixdof_simulator': CMAKE_PREFIX_PATH=${CMAKE_PREFIX_PATH}:/opt/ros/jazzy DEBUGINFOD_URLS=https://debuginfod.ubuntu.com /usr/bin/cmake --install /home/sofia/Documents/E-Rocket-All-Stuff/E-Rocket-flight-software/workspace_simulink/build/sixdof_simulator
[1.120s] Level 1:colcon.colcon_core.environment:create_environment_scripts_only(sixdof_simulator)
[1.120s] DEBUG:colcon.colcon_core.event_handler.log_command:Invoked command in '/home/sofia/Documents/E-Rocket-All-Stuff/E-Rocket-flight-software/workspace_simulink/build/sixdof_simulator' returned '0': CMAKE_PREFIX_PATH=${CMAKE_PREFIX_PATH}:/opt/ros/jazzy DEBUGINFOD_URLS=https://debuginfod.ubuntu.com /usr/bin/cmake --install /home/sofia/Documents/E-Rocket-All-Stuff/E-Rocket-flight-software/workspace_simulink/build/sixdof_simulator
[1.122s] Level 1:colcon.colcon_core.environment:checking '/home/sofia/Documents/E-Rocket-All-Stuff/E-Rocket-flight-software/workspace_simulink/install/sixdof_simulator' for CMake module files
[1.123s] Level 1:colcon.colcon_core.environment:checking '/home/sofia/Documents/E-Rocket-All-Stuff/E-Rocket-flight-software/workspace_simulink/install/sixdof_simulator' for CMake config files
[1.123s] Level 1:colcon.colcon_core.shell:create_environment_hook('sixdof_simulator', 'cmake_prefix_path')
[1.123s] INFO:colcon.colcon_core.shell:Creating environment hook '/home/sofia/Documents/E-Rocket-All-Stuff/E-Rocket-flight-software/workspace_simulink/install/sixdof_simulator/share/sixdof_simulator/hook/cmake_prefix_path.ps1'
[1.124s] INFO:colcon.colcon_core.shell:Creating environment descriptor '/home/sofia/Documents/E-Rocket-All-Stuff/E-Rocket-flight-software/workspace_simulink/install/sixdof_simulator/share/sixdof_simulator/hook/cmake_prefix_path.dsv'
[1.124s] INFO:colcon.colcon_core.shell:Creating environment hook '/home/sofia/Documents/E-Rocket-All-Stuff/E-Rocket-flight-software/workspace_simulink/install/sixdof_simulator/share/sixdof_simulator/hook/cmake_prefix_path.sh'
[1.124s] Level 1:colcon.colcon_core.environment:checking '/home/sofia/Documents/E-Rocket-All-Stuff/E-Rocket-flight-software/workspace_simulink/install/sixdof_simulator/lib'
[1.125s] Level 1:colcon.colcon_core.environment:checking '/home/sofia/Documents/E-Rocket-All-Stuff/E-Rocket-flight-software/workspace_simulink/install/sixdof_simulator/bin'
[1.125s] Level 1:colcon.colcon_core.environment:checking '/home/sofia/Documents/E-Rocket-All-Stuff/E-Rocket-flight-software/workspace_simulink/install/sixdof_simulator/lib/pkgconfig/sixdof_simulator.pc'
[1.125s] Level 1:colcon.colcon_core.environment:checking '/home/sofia/Documents/E-Rocket-All-Stuff/E-Rocket-flight-software/workspace_simulink/install/sixdof_simulator/lib/python3.12/site-packages'
[1.125s] Level 1:colcon.colcon_core.environment:checking '/home/sofia/Documents/E-Rocket-All-Stuff/E-Rocket-flight-software/workspace_simulink/install/sixdof_simulator/bin'
[1.125s] INFO:colcon.colcon_core.shell:Creating package script '/home/sofia/Documents/E-Rocket-All-Stuff/E-Rocket-flight-software/workspace_simulink/install/sixdof_simulator/share/sixdof_simulator/package.ps1'
[1.126s] INFO:colcon.colcon_core.shell:Creating package descriptor '/home/sofia/Documents/E-Rocket-All-Stuff/E-Rocket-flight-software/workspace_simulink/install/sixdof_simulator/share/sixdof_simulator/package.dsv'
[1.127s] INFO:colcon.colcon_core.shell:Creating package script '/home/sofia/Documents/E-Rocket-All-Stuff/E-Rocket-flight-software/workspace_simulink/install/sixdof_simulator/share/sixdof_simulator/package.sh'
[1.127s] INFO:colcon.colcon_core.shell:Creating package script '/home/sofia/Documents/E-Rocket-All-Stuff/E-Rocket-flight-software/workspace_simulink/install/sixdof_simulator/share/sixdof_simulator/package.bash'
[1.128s] INFO:colcon.colcon_core.shell:Creating package script '/home/sofia/Documents/E-Rocket-All-Stuff/E-Rocket-flight-software/workspace_simulink/install/sixdof_simulator/share/sixdof_simulator/package.zsh'
[1.128s] Level 1:colcon.colcon_core.environment:create_file_with_runtime_dependencies(/home/sofia/Documents/E-Rocket-All-Stuff/E-Rocket-flight-software/workspace_simulink/install/sixdof_simulator/share/colcon-core/packages/sixdof_simulator)
[1.128s] Level 1:colcon.colcon_core.environment:create_environment_scripts_only(sixdof_simulator)
[1.129s] Level 1:colcon.colcon_core.environment:checking '/home/sofia/Documents/E-Rocket-All-Stuff/E-Rocket-flight-software/workspace_simulink/install/sixdof_simulator' for CMake module files
[1.129s] Level 1:colcon.colcon_core.environment:checking '/home/sofia/Documents/E-Rocket-All-Stuff/E-Rocket-flight-software/workspace_simulink/install/sixdof_simulator' for CMake config files
[1.129s] Level 1:colcon.colcon_core.shell:create_environment_hook('sixdof_simulator', 'cmake_prefix_path')
[1.129s] INFO:colcon.colcon_core.shell:Creating environment hook '/home/sofia/Documents/E-Rocket-All-Stuff/E-Rocket-flight-software/workspace_simulink/install/sixdof_simulator/share/sixdof_simulator/hook/cmake_prefix_path.ps1'
[1.130s] INFO:colcon.colcon_core.shell:Creating environment descriptor '/home/sofia/Documents/E-Rocket-All-Stuff/E-Rocket-flight-software/workspace_simulink/install/sixdof_simulator/share/sixdof_simulator/hook/cmake_prefix_path.dsv'
[1.130s] INFO:colcon.colcon_core.shell:Creating environment hook '/home/sofia/Documents/E-Rocket-All-Stuff/E-Rocket-flight-software/workspace_simulink/install/sixdof_simulator/share/sixdof_simulator/hook/cmake_prefix_path.sh'
[1.130s] Level 1:colcon.colcon_core.environment:checking '/home/sofia/Documents/E-Rocket-All-Stuff/E-Rocket-flight-software/workspace_simulink/install/sixdof_simulator/lib'
[1.130s] Level 1:colcon.colcon_core.environment:checking '/home/sofia/Documents/E-Rocket-All-Stuff/E-Rocket-flight-software/workspace_simulink/install/sixdof_simulator/bin'
[1.130s] Level 1:colcon.colcon_core.environment:checking '/home/sofia/Documents/E-Rocket-All-Stuff/E-Rocket-flight-software/workspace_simulink/install/sixdof_simulator/lib/pkgconfig/sixdof_simulator.pc'
[1.131s] Level 1:colcon.colcon_core.environment:checking '/home/sofia/Documents/E-Rocket-All-Stuff/E-Rocket-flight-software/workspace_simulink/install/sixdof_simulator/lib/python3.12/site-packages'
[1.131s] Level 1:colcon.colcon_core.environment:checking '/home/sofia/Documents/E-Rocket-All-Stuff/E-Rocket-flight-software/workspace_simulink/install/sixdof_simulator/bin'
[1.131s] INFO:colcon.colcon_core.shell:Creating package script '/home/sofia/Documents/E-Rocket-All-Stuff/E-Rocket-flight-software/workspace_simulink/install/sixdof_simulator/share/sixdof_simulator/package.ps1'
[1.131s] INFO:colcon.colcon_core.shell:Creating package descriptor '/home/sofia/Documents/E-Rocket-All-Stuff/E-Rocket-flight-software/workspace_simulink/install/sixdof_simulator/share/sixdof_simulator/package.dsv'
[1.132s] INFO:colcon.colcon_core.shell:Creating package script '/home/sofia/Documents/E-Rocket-All-Stuff/E-Rocket-flight-software/workspace_simulink/install/sixdof_simulator/share/sixdof_simulator/package.sh'
[1.132s] INFO:colcon.colcon_core.shell:Creating package script '/home/sofia/Documents/E-Rocket-All-Stuff/E-Rocket-flight-software/workspace_simulink/install/sixdof_simulator/share/sixdof_simulator/package.bash'
[1.132s] INFO:colcon.colcon_core.shell:Creating package script '/home/sofia/Documents/E-Rocket-All-Stuff/E-Rocket-flight-software/workspace_simulink/install/sixdof_simulator/share/sixdof_simulator/package.zsh'
[1.133s] Level 1:colcon.colcon_core.environment:create_file_with_runtime_dependencies(/home/sofia/Documents/E-Rocket-All-Stuff/E-Rocket-flight-software/workspace_simulink/install/sixdof_simulator/share/colcon-core/packages/sixdof_simulator)
[1.133s] DEBUG:colcon.colcon_parallel_executor.executor.parallel:closing loop
[1.133s] DEBUG:colcon.colcon_parallel_executor.executor.parallel:loop closed
[1.133s] DEBUG:colcon.colcon_parallel_executor.executor.parallel:run_until_complete finished with '0'
[1.133s] DEBUG:colcon.colcon_core.event_reactor:joining thread
[1.138s] INFO:colcon.colcon_core.plugin_system:Skipping extension 'colcon_notification.desktop_notification.terminal_notifier': Not used on non-Darwin systems
[1.138s] INFO:colcon.colcon_core.plugin_system:Skipping extension 'colcon_notification.desktop_notification.win32': Not used on non-Windows systems
[1.138s] INFO:colcon.colcon_notification.desktop_notification:Sending desktop notification using 'notify2'
[1.161s] DEBUG:colcon.colcon_core.event_reactor:joined thread
[1.161s] INFO:colcon.colcon_core.shell:Creating prefix script '/home/sofia/Documents/E-Rocket-All-Stuff/E-Rocket-flight-software/workspace_simulink/install/local_setup.ps1'
[1.162s] INFO:colcon.colcon_core.shell:Creating prefix util module '/home/sofia/Documents/E-Rocket-All-Stuff/E-Rocket-flight-software/workspace_simulink/install/_local_setup_util_ps1.py'
[1.163s] INFO:colcon.colcon_core.shell:Creating prefix chain script '/home/sofia/Documents/E-Rocket-All-Stuff/E-Rocket-flight-software/workspace_simulink/install/setup.ps1'
[1.164s] INFO:colcon.colcon_core.shell:Creating prefix script '/home/sofia/Documents/E-Rocket-All-Stuff/E-Rocket-flight-software/workspace_simulink/install/local_setup.sh'
[1.165s] INFO:colcon.colcon_core.shell:Creating prefix util module '/home/sofia/Documents/E-Rocket-All-Stuff/E-Rocket-flight-software/workspace_simulink/install/_local_setup_util_sh.py'
[1.165s] INFO:colcon.colcon_core.shell:Creating prefix chain script '/home/sofia/Documents/E-Rocket-All-Stuff/E-Rocket-flight-software/workspace_simulink/install/setup.sh'
[1.166s] INFO:colcon.colcon_core.shell:Creating prefix script '/home/sofia/Documents/E-Rocket-All-Stuff/E-Rocket-flight-software/workspace_simulink/install/local_setup.bash'
[1.166s] INFO:colcon.colcon_core.shell:Creating prefix chain script '/home/sofia/Documents/E-Rocket-All-Stuff/E-Rocket-flight-software/workspace_simulink/install/setup.bash'
[1.167s] INFO:colcon.colcon_core.shell:Creating prefix script '/home/sofia/Documents/E-Rocket-All-Stuff/E-Rocket-flight-software/workspace_simulink/install/local_setup.zsh'
[1.167s] INFO:colcon.colcon_core.shell:Creating prefix chain script '/home/sofia/Documents/E-Rocket-All-Stuff/E-Rocket-flight-software/workspace_simulink/install/setup.zsh'
