[01m[Kcc1:[m[K [01;35m[Kwarning: [m[Kcommand-line option ‘[01m[K-fpermissive[m[K’ is valid for C++/ObjC++ but not for C
[01m[Kcc1:[m[K [01;35m[Kwarning: [m[Kcommand-line option ‘[01m[K-fpermissive[m[K’ is valid for C++/ObjC++ but not for C
[01m[Kcc1:[m[K [01;35m[Kwarning: [m[Kcommand-line option ‘[01m[K-fpermissive[m[K’ is valid for C++/ObjC++ but not for C
[01m[K/home/sofia/Documents/E-Rocket-All-Stuff/E-Rocket-flight-software/workspace_simulink/src/sixdof_simulator/src/rtiostream_interface.c:26:10:[m[K [01;31m[Kfatal error: [m[Krtiostream.h: No such file or directory
   26 | #include [01;31m[K"rtiostream.h"[m[K
      |          [01;31m[K^~~~~~~~~~~~~~[m[K
compilation terminated.
gmake[2]: *** [CMakeFiles/sixdof_simulator.dir/build.make:205: CMakeFiles/sixdof_simulator.dir/src/rtiostream_interface.c.o] Error 1
gmake[2]: *** Waiting for unfinished jobs....
[01m[K/home/sofia/Documents/E-Rocket-All-Stuff/E-Rocket-flight-software/workspace_simulink/src/sixdof_simulator/src/ext_svr.c:46:10:[m[K [01;31m[Kfatal error: [m[Kmultiword_types.h: No such file or directory
   46 | #include [01;31m[K"multiword_types.h"[m[K
      |          [01;31m[K^~~~~~~~~~~~~~~~~~~[m[K
compilation terminated.
[01m[K/home/sofia/Documents/E-Rocket-All-Stuff/E-Rocket-flight-software/workspace_simulink/src/sixdof_simulator/src/rtiostream_tcpip.c:32:10:[m[K [01;31m[Kfatal error: [m[Krtiostream.h: No such file or directory
   32 | #include [01;31m[K"rtiostream.h"[m[K
      |          [01;31m[K^~~~~~~~~~~~~~[m[K
compilation terminated.
gmake[2]: *** [CMakeFiles/sixdof_simulator.dir/build.make:191: CMakeFiles/sixdof_simulator.dir/src/ext_svr.c.o] Error 1
gmake[2]: *** [CMakeFiles/sixdof_simulator.dir/build.make:219: CMakeFiles/sixdof_simulator.dir/src/rtiostream_tcpip.c.o] Error 1
gmake[1]: *** [CMakeFiles/Makefile2:140: CMakeFiles/sixdof_simulator.dir/all] Error 2
gmake: *** [Makefile:149: all] Error 2
