[0.262s] DEBUG:colcon:Command line arguments: ['/usr/bin/colcon', 'build', '--packages-select', 'erocket']
[0.262s] DEBUG:colcon:Parsed command line arguments: Namespace(log_base=None, log_level=None, verb_name='build', build_base='build', install_base='install', merge_install=False, symlink_install=False, test_result_base=None, continue_on_error=False, executor='parallel', parallel_workers=16, event_handlers=None, ignore_user_meta=False, metas=['./colcon.meta'], base_paths=['.'], packages_ignore=None, packages_ignore_regex=None, paths=None, packages_up_to=None, packages_up_to_regex=None, packages_above=None, packages_above_and_dependencies=None, packages_above_depth=None, packages_select_by_dep=None, packages_skip_by_dep=None, packages_skip_up_to=None, packages_select_build_failed=False, packages_skip_build_finished=False, packages_select_test_failures=False, packages_skip_test_passed=False, packages_select=['erocket'], packages_skip=None, packages_select_regex=None, packages_skip_regex=None, packages_start=None, packages_end=None, allow_overriding=[], cmake_args=None, cmake_target=None, cmake_target_skip_unavailable=False, cmake_clean_cache=False, cmake_clean_first=False, cmake_force_configure=False, ament_cmake_args=None, catkin_cmake_args=None, catkin_skip_building_tests=False, mixin_files=None, mixin=None, verb_parser=<colcon_mixin.mixin.mixin_argument.MixinArgumentDecorator object at 0x79b3c785f260>, verb_extension=<colcon_core.verb.build.BuildVerb object at 0x79b3c79e8590>, main=<bound method BuildVerb.main of <colcon_core.verb.build.BuildVerb object at 0x79b3c79e8590>>, mixin_verb=('build',))
[0.361s] Level 1:colcon.colcon_core.package_discovery:discover_packages(colcon_meta) check parameters
[0.361s] Level 1:colcon.colcon_core.package_discovery:discover_packages(recursive) check parameters
[0.361s] Level 1:colcon.colcon_core.package_discovery:discover_packages(ignore) check parameters
[0.361s] Level 1:colcon.colcon_core.package_discovery:discover_packages(path) check parameters
[0.361s] Level 1:colcon.colcon_core.package_discovery:discover_packages(colcon_meta) discover
[0.361s] Level 1:colcon.colcon_core.package_discovery:discover_packages(recursive) discover
[0.361s] INFO:colcon.colcon_core.package_discovery:Crawling recursively for packages in '/home/sofia/Documents/E-Rocket-All-Stuff/E-Rocket-flight-software/workspace_erocket/src/erocket'
[0.362s] Level 1:colcon.colcon_core.package_identification:_identify(.) by extensions ['ignore', 'ignore_ament_install']
[0.362s] Level 1:colcon.colcon_core.package_identification:_identify(.) by extension 'ignore'
[0.362s] Level 1:colcon.colcon_core.package_identification:_identify(.) by extension 'ignore_ament_install'
[0.362s] Level 1:colcon.colcon_core.package_identification:_identify(.) by extensions ['colcon_pkg']
[0.362s] Level 1:colcon.colcon_core.package_identification:_identify(.) by extension 'colcon_pkg'
[0.362s] Level 1:colcon.colcon_core.package_identification:_identify(.) by extensions ['colcon_meta']
[0.362s] Level 1:colcon.colcon_core.package_identification:_identify(.) by extension 'colcon_meta'
[0.363s] Level 1:colcon.colcon_core.package_identification:_identify(.) by extensions ['ros']
[0.363s] Level 1:colcon.colcon_core.package_identification:_identify(.) by extension 'ros'
[0.430s] DEBUG:colcon.colcon_core.package_identification:Package '.' with type 'ros.ament_cmake' and name 'erocket'
[0.430s] Level 1:colcon.colcon_core.package_discovery:discover_packages(recursive) using defaults
[0.430s] Level 1:colcon.colcon_core.package_discovery:discover_packages(ignore) discover
[0.430s] Level 1:colcon.colcon_core.package_discovery:discover_packages(ignore) using defaults
[0.430s] Level 1:colcon.colcon_core.package_discovery:discover_packages(path) discover
[0.430s] Level 1:colcon.colcon_core.package_discovery:discover_packages(path) using defaults
[0.476s] Level 1:colcon.colcon_core.package_discovery:discover_packages(prefix_path) check parameters
[0.476s] Level 1:colcon.colcon_core.package_discovery:discover_packages(prefix_path) discover
[0.482s] DEBUG:colcon.colcon_installed_package_information.package_discovery:Found 199 installed packages in /opt/ros/jazzy
[0.483s] Level 1:colcon.colcon_core.package_discovery:discover_packages(prefix_path) using defaults
[0.559s] Level 5:colcon.colcon_core.verb:set package 'erocket' build argument 'cmake_args' from command line to 'None'
[0.560s] Level 5:colcon.colcon_core.verb:set package 'erocket' build argument 'cmake_target' from command line to 'None'
[0.560s] Level 5:colcon.colcon_core.verb:set package 'erocket' build argument 'cmake_target_skip_unavailable' from command line to 'False'
[0.560s] Level 5:colcon.colcon_core.verb:set package 'erocket' build argument 'cmake_clean_cache' from command line to 'False'
[0.560s] Level 5:colcon.colcon_core.verb:set package 'erocket' build argument 'cmake_clean_first' from command line to 'False'
[0.560s] Level 5:colcon.colcon_core.verb:set package 'erocket' build argument 'cmake_force_configure' from command line to 'False'
[0.560s] Level 5:colcon.colcon_core.verb:set package 'erocket' build argument 'ament_cmake_args' from command line to 'None'
[0.560s] Level 5:colcon.colcon_core.verb:set package 'erocket' build argument 'catkin_cmake_args' from command line to 'None'
[0.560s] Level 5:colcon.colcon_core.verb:set package 'erocket' build argument 'catkin_skip_building_tests' from command line to 'False'
[0.560s] DEBUG:colcon.colcon_core.verb:Building package 'erocket' with the following arguments: {'ament_cmake_args': None, 'build_base': '/home/sofia/Documents/E-Rocket-All-Stuff/E-Rocket-flight-software/workspace_erocket/src/erocket/build/erocket', 'catkin_cmake_args': None, 'catkin_skip_building_tests': False, 'cmake_args': None, 'cmake_clean_cache': False, 'cmake_clean_first': False, 'cmake_force_configure': False, 'cmake_target': None, 'cmake_target_skip_unavailable': False, 'install_base': '/home/sofia/Documents/E-Rocket-All-Stuff/E-Rocket-flight-software/workspace_erocket/src/erocket/install/erocket', 'merge_install': False, 'path': '/home/sofia/Documents/E-Rocket-All-Stuff/E-Rocket-flight-software/workspace_erocket/src/erocket', 'symlink_install': False, 'test_result_base': None}
[0.560s] INFO:colcon.colcon_core.executor:Executing jobs using 'parallel' executor
[0.562s] DEBUG:colcon.colcon_parallel_executor.executor.parallel:run_until_complete
[0.563s] INFO:colcon.colcon_ros.task.ament_cmake.build:Building ROS package in '/home/sofia/Documents/E-Rocket-All-Stuff/E-Rocket-flight-software/workspace_erocket/src/erocket' with build type 'ament_cmake'
[0.563s] INFO:colcon.colcon_cmake.task.cmake.build:Building CMake package in '/home/sofia/Documents/E-Rocket-All-Stuff/E-Rocket-flight-software/workspace_erocket/src/erocket'
[0.568s] INFO:colcon.colcon_core.plugin_system:Skipping extension 'colcon_core.shell.bat': Not used on non-Windows systems
[0.568s] INFO:colcon.colcon_core.shell:Skip shell extension 'powershell' for command environment: Not usable outside of PowerShell
[0.568s] DEBUG:colcon.colcon_core.shell:Skip shell extension 'dsv' for command environment
[0.586s] DEBUG:colcon.colcon_core.event_handler.log_command:Invoking command in '/home/sofia/Documents/E-Rocket-All-Stuff/E-Rocket-flight-software/workspace_erocket/src/erocket/build/erocket': CMAKE_PREFIX_PATH=/opt/ros/jazzy DEBUGINFOD_URLS=https://debuginfod.ubuntu.com /usr/bin/cmake /home/sofia/Documents/E-Rocket-All-Stuff/E-Rocket-flight-software/workspace_erocket/src/erocket -DCMAKE_INSTALL_PREFIX=/home/sofia/Documents/E-Rocket-All-Stuff/E-Rocket-flight-software/workspace_erocket/src/erocket/install/erocket
[2.557s] DEBUG:colcon.colcon_core.event_handler.log_command:Invoked command in '/home/sofia/Documents/E-Rocket-All-Stuff/E-Rocket-flight-software/workspace_erocket/src/erocket/build/erocket' returned '1': CMAKE_PREFIX_PATH=/opt/ros/jazzy DEBUGINFOD_URLS=https://debuginfod.ubuntu.com /usr/bin/cmake /home/sofia/Documents/E-Rocket-All-Stuff/E-Rocket-flight-software/workspace_erocket/src/erocket -DCMAKE_INSTALL_PREFIX=/home/sofia/Documents/E-Rocket-All-Stuff/E-Rocket-flight-software/workspace_erocket/src/erocket/install/erocket
[2.587s] Level 1:colcon.colcon_core.environment:create_environment_scripts_only(erocket)
[2.593s] Level 1:colcon.colcon_core.environment:checking '/home/sofia/Documents/E-Rocket-All-Stuff/E-Rocket-flight-software/workspace_erocket/src/erocket/install/erocket' for CMake module files
[2.594s] Level 1:colcon.colcon_core.environment:checking '/home/sofia/Documents/E-Rocket-All-Stuff/E-Rocket-flight-software/workspace_erocket/src/erocket/install/erocket' for CMake config files
[2.594s] Level 1:colcon.colcon_core.environment:checking '/home/sofia/Documents/E-Rocket-All-Stuff/E-Rocket-flight-software/workspace_erocket/src/erocket/install/erocket/bin'
[2.595s] Level 1:colcon.colcon_core.environment:checking '/home/sofia/Documents/E-Rocket-All-Stuff/E-Rocket-flight-software/workspace_erocket/src/erocket/install/erocket/lib/pkgconfig/erocket.pc'
[2.595s] Level 1:colcon.colcon_core.environment:checking '/home/sofia/Documents/E-Rocket-All-Stuff/E-Rocket-flight-software/workspace_erocket/src/erocket/install/erocket/lib/python3.12/site-packages'
[2.596s] Level 1:colcon.colcon_core.environment:checking '/home/sofia/Documents/E-Rocket-All-Stuff/E-Rocket-flight-software/workspace_erocket/src/erocket/install/erocket/bin'
[2.596s] INFO:colcon.colcon_core.shell:Creating package script '/home/sofia/Documents/E-Rocket-All-Stuff/E-Rocket-flight-software/workspace_erocket/src/erocket/install/erocket/share/erocket/package.ps1'
[2.598s] INFO:colcon.colcon_core.shell:Creating package descriptor '/home/sofia/Documents/E-Rocket-All-Stuff/E-Rocket-flight-software/workspace_erocket/src/erocket/install/erocket/share/erocket/package.dsv'
[2.599s] INFO:colcon.colcon_core.shell:Creating package script '/home/sofia/Documents/E-Rocket-All-Stuff/E-Rocket-flight-software/workspace_erocket/src/erocket/install/erocket/share/erocket/package.sh'
[2.600s] INFO:colcon.colcon_core.shell:Creating package script '/home/sofia/Documents/E-Rocket-All-Stuff/E-Rocket-flight-software/workspace_erocket/src/erocket/install/erocket/share/erocket/package.bash'
[2.602s] INFO:colcon.colcon_core.shell:Creating package script '/home/sofia/Documents/E-Rocket-All-Stuff/E-Rocket-flight-software/workspace_erocket/src/erocket/install/erocket/share/erocket/package.zsh'
[2.603s] Level 1:colcon.colcon_core.environment:create_file_with_runtime_dependencies(/home/sofia/Documents/E-Rocket-All-Stuff/E-Rocket-flight-software/workspace_erocket/src/erocket/install/erocket/share/colcon-core/packages/erocket)
[2.614s] DEBUG:colcon.colcon_parallel_executor.executor.parallel:closing loop
[2.614s] DEBUG:colcon.colcon_parallel_executor.executor.parallel:loop closed
[2.614s] DEBUG:colcon.colcon_parallel_executor.executor.parallel:run_until_complete finished with '1'
[2.614s] DEBUG:colcon.colcon_core.event_reactor:joining thread
[2.626s] INFO:colcon.colcon_core.plugin_system:Skipping extension 'colcon_notification.desktop_notification.terminal_notifier': Not used on non-Darwin systems
[2.626s] INFO:colcon.colcon_core.plugin_system:Skipping extension 'colcon_notification.desktop_notification.win32': Not used on non-Windows systems
[2.627s] INFO:colcon.colcon_notification.desktop_notification:Sending desktop notification using 'notify2'
[2.664s] DEBUG:colcon.colcon_core.event_reactor:joined thread
[2.665s] INFO:colcon.colcon_core.shell:Creating prefix script '/home/sofia/Documents/E-Rocket-All-Stuff/E-Rocket-flight-software/workspace_erocket/src/erocket/install/local_setup.ps1'
[2.667s] INFO:colcon.colcon_core.shell:Creating prefix util module '/home/sofia/Documents/E-Rocket-All-Stuff/E-Rocket-flight-software/workspace_erocket/src/erocket/install/_local_setup_util_ps1.py'
[2.669s] INFO:colcon.colcon_core.shell:Creating prefix chain script '/home/sofia/Documents/E-Rocket-All-Stuff/E-Rocket-flight-software/workspace_erocket/src/erocket/install/setup.ps1'
[2.672s] INFO:colcon.colcon_core.shell:Creating prefix script '/home/sofia/Documents/E-Rocket-All-Stuff/E-Rocket-flight-software/workspace_erocket/src/erocket/install/local_setup.sh'
[2.673s] INFO:colcon.colcon_core.shell:Creating prefix util module '/home/sofia/Documents/E-Rocket-All-Stuff/E-Rocket-flight-software/workspace_erocket/src/erocket/install/_local_setup_util_sh.py'
[2.675s] INFO:colcon.colcon_core.shell:Creating prefix chain script '/home/sofia/Documents/E-Rocket-All-Stuff/E-Rocket-flight-software/workspace_erocket/src/erocket/install/setup.sh'
[2.676s] INFO:colcon.colcon_core.shell:Creating prefix script '/home/sofia/Documents/E-Rocket-All-Stuff/E-Rocket-flight-software/workspace_erocket/src/erocket/install/local_setup.bash'
[2.678s] INFO:colcon.colcon_core.shell:Creating prefix chain script '/home/sofia/Documents/E-Rocket-All-Stuff/E-Rocket-flight-software/workspace_erocket/src/erocket/install/setup.bash'
[2.679s] INFO:colcon.colcon_core.shell:Creating prefix script '/home/sofia/Documents/E-Rocket-All-Stuff/E-Rocket-flight-software/workspace_erocket/src/erocket/install/local_setup.zsh'
[2.680s] INFO:colcon.colcon_core.shell:Creating prefix chain script '/home/sofia/Documents/E-Rocket-All-Stuff/E-Rocket-flight-software/workspace_erocket/src/erocket/install/setup.zsh'
